// Jest Snapshot v1, https://goo.gl/fbAQLP

exports[`Header snapshot 1`] = `
.emotion-40 {
  display: grid;
  -webkit-align-items: center;
  -webkit-box-align: center;
  -ms-flex-align: center;
  align-items: center;
  font-size: 15px;
  margin: 0 16px;
}

@media (min-width:1024px) {
  .emotion-40 {
    height: 68px;
    grid-template-columns: 221px 5fr minmax(250px,2fr) auto;
    grid-template-areas: "I M S L";
  }
}

@media (min-width:750px) and (max-width:1023px) {
  .emotion-40 {
    height: 122px;
    grid-template-columns: minmax(206px,1fr) 300px auto;
    grid-template-areas: "I S L" "R R R" "M M M";
  }
}

@media (max-width:749px) {
  .emotion-40 {
    font-size: 10px;
    grid-template-columns: repeat(4,1fr);
    grid-template-areas: "I I L L" "S S S S" "M M M M";
  }
}

.emotion-1 {
  display: block;
  grid-area: I;
  width: 200px;
  height: 44px;
  margin-right: 24px;
}

.emotion-0 {
  width: 200px;
  height: 44px;
}

.emotion-2 {
  display: none;
  grid-area: R;
  height: 2px;
  width: 100%;
  background-color: #dce3e5;
}

@media (min-width:750px) and (max-width:1023px) {
  .emotion-2 {
    display: block;
  }
}

.emotion-31 {
  display: -webkit-box;
  display: -webkit-flex;
  display: -ms-flexbox;
  display: flex;
  -webkit-flex-direction: row;
  -ms-flex-direction: row;
  flex-direction: row;
  -webkit-align-items: center;
  -webkit-box-align: center;
  -ms-flex-align: center;
  align-items: center;
  grid-area: M;
  -webkit-flex-wrap: wrap;
  -ms-flex-wrap: wrap;
  flex-wrap: wrap;
  font-size: 15px;
  font-weight: bold;
}

.emotion-31 button {
  line-height: 32px;
}

.emotion-9 {
  position: relative;
  margin-left: -5px;
}

.emotion-9:hover .dropdown-menu-label {
  color: #3d7e9a;
}

.emotion-9:hover .dropdown-menu-label a {
  color: #3d7e9a;
}

.emotion-9:hover .dropdown-menu {
  display: -webkit-box;
  display: -webkit-flex;
  display: -ms-flexbox;
  display: flex;
}

.emotion-5 {
  display: -webkit-box;
  display: -webkit-flex;
  display: -ms-flexbox;
  display: flex;
  -webkit-flex-direction: row;
  -ms-flex-direction: row;
  flex-direction: row;
  -webkit-align-items: center;
  -webkit-box-align: center;
  -ms-flex-align: center;
  align-items: center;
  white-space: nowrap;
  font-size: 15px;
  font-weight: bold;
  color: #333;
  padding: 0 5px 5px 5px;
  border: none;
}

.emotion-5:focus {
  outline-offset: -3px;
}

.emotion-5 a {
  color: #333;
  -webkit-text-decoration: none;
  text-decoration: none;
}

.emotion-3 {
  font-size: 75%;
  padding-left: 2px;
}

.emotion-7 {
  position: absolute;
  display: none;
  z-index: 100;
  -webkit-flex-direction: column;
  -ms-flex-direction: column;
  flex-direction: column;
  box-sizing: border-box;
  background-color: white;
  box-shadow: 0 2px 8px 0 rgba(12,12,13,0.1);
  border: solid 1px #d8dfe2;
  border-radius: 4px;
  padding: 4px 0;
  min-width: 100%;
}

.emotion-7 li a,
.emotion-7 li button {
  display: inline-block;
  box-sizing: border-box;
  width: 100%;
  padding: 6px 16px;
  white-space: nowrap;
  color: #3d7e9a;
  font-size: 15px;
  font-weight: bold;
  text-align: start;
}

.emotion-7 li a:hover,
.emotion-7 li button:hover {
  color: #fff;
  background-color: #3d7e9a;
  -webkit-text-decoration: none;
  text-decoration: none;
}

.emotion-11 {
  -webkit-box-flex: 0;
  -webkit-flex-grow: 0;
  -ms-flex-positive: 0;
  flex-grow: 0;
  -webkit-flex-shrink: 0;
  -ms-flex-negative: 0;
  flex-shrink: 0;
  -webkit-flex-basis: 16px;
  -ms-flex-preferred-size: 16px;
  flex-basis: 16px;
}

.emotion-36 {
  grid-area: S;
  justify-self: stretch;
  overflow: hidden;
}

.emotion-35 {
  display: -webkit-box;
  display: -webkit-flex;
  display: -ms-flexbox;
  display: flex;
  -webkit-flex-direction: row;
  -ms-flex-direction: row;
  flex-direction: row;
  -webkit-align-items: center;
  -webkit-box-align: center;
  -ms-flex-align: center;
  align-items: center;
  padding: 2px 8px;
  border: solid 2px #333;
  border-radius: 20px;
  background-color: #fafafa;
  box-sizing: border-box;
  height: 40px;
  min-width: 80px;
  -webkit-flex: 2 1;
  -ms-flex: 2 1;
  flex: 2 1;
}

.emotion-33 {
  fill: #333;
  -webkit-flex: 0 0 20px;
  -ms-flex: 0 0 20px;
  flex: 0 0 20px;
}

.emotion-34 {
  border-width: 0 !important;
  font-size: 14px;
  -webkit-flex: 1 1 100px;
  -ms-flex: 1 1 100px;
  flex: 1 1 100px;
  min-width: 60px;
  max-width: 320px;
  color: #000;
  background-color: #fafafa !important;
}

.emotion-38 {
  grid-area: L;
  justify-self: end;
}

.emotion-37 {
  display: -webkit-box;
  display: -webkit-flex;
  display: -ms-flexbox;
  display: flex;
  -webkit-align-items: center;
  -webkit-box-align: center;
  -ms-flex-align: center;
  align-items: center;
  font-size: 1em;
  font-weight: bold;
  color: black;
  margin-left: 24px;
  -webkit-text-decoration: none;
  text-decoration: none;
}

.emotion-37:hover {
  -webkit-text-decoration: none;
  text-decoration: none;
  background-color: #eee;
}

.emotion-37:focus {
  outline-offset: -3px;
}

.emotion-39 {
  box-sizing: border-box;
  position: absolute;
  display: block;
  top: 0;
  left: 0;
  width: 99px;
  height: 99px;
  z-index: 100;
  -webkit-transform: translate(-49.5px,-49.5px) rotate(-45deg);
  -ms-transform: translate(-49.5px,-49.5px) rotate(-45deg);
  transform: translate(-49.5px,-49.5px) rotate(-45deg);
  background-color: rgba(255,255,0,0.85);
  border: solid black 1px;
  box-shadow: 0px 3px 10px #000;
  font-weight: bold;
  text-align: center;
  line-height: 1.0;
  font-size: 12.5px;
  padding-top: 68px;
  color: black;
}

.emotion-39:hover {
  background-color: #ff0;
  -webkit-text-decoration: none;
  text-decoration: none;
}

<div
  className="emotion-40"
>
  <a
    aria-label="MDN Web Docs"
    className="emotion-1"
    href="/en-US/"
  >
    <svg mock
      className="emotion-0"
    />
  </a>
  <div
    className="emotion-2"
  />
  <div
    className="emotion-31 emotion-32"
  >
    <div
      className="emotion-9 emotion-10"
    >
      <div
        className="dropdown-menu-label emotion-5 emotion-6"
      >
        <a
          href="/en-US/docs/Web"
        >
          Technologies
        </a>
        <span
          className="emotion-3 emotion-4"
        >
          ▼
        </span>
      </div>
      <ul
        className="dropdown-menu emotion-7 emotion-8"
        onClick={[Function]}
      >
        <li>
          <a
            href="/en-US/docs/Web/HTML"
          >
            HTML
          </a>
        </li>
        <li>
          <a
            href="/en-US/docs/Web/CSS"
          >
            CSS
          </a>
        </li>
        <li>
          <a
            href="/en-US/docs/Web/JavaScript"
          >
            JavaScript
          </a>
        </li>
        <li>
          <a
            href="/en-US/docs/Web/Guide/Graphics"
          >
            Graphics
          </a>
        </li>
        <li>
          <a
            href="/en-US/docs/Web/HTTP"
          >
            HTTP
          </a>
        </li>
        <li>
          <a
            href="/en-US/docs/Web/API"
          >
            APIs / DOM
          </a>
        </li>
        <li>
          <a
            href="/en-US/docs/Mozilla/Add-ons/WebExtensions"
          >
            Browser Extensions
          </a>
        </li>
        <li>
          <a
            href="/en-US/docs/Web/MathML"
          >
            MathML
          </a>
        </li>
      </ul>
    </div>
    <div
      className="emotion-11 emotion-12"
      width={16}
    />
    <div
      className="emotion-9 emotion-10"
    >
      <div
        className="dropdown-menu-label emotion-5 emotion-6"
      >
        <a
          href="/en-US/docs/Learn"
        >
          References & Guides
        </a>
        <span
          className="emotion-3 emotion-4"
        >
          ▼
        </span>
      </div>
      <ul
        className="dropdown-menu emotion-7 emotion-8"
        onClick={[Function]}
      >
        <li>
          <a
            href="/en-US/docs/Learn"
          >
            Learn web development
          </a>
        </li>
        <li>
          <a
            href="/en-US/docs/Web/Tutorials"
          >
            Tutorials
          </a>
        </li>
        <li>
          <a
            href="/en-US/docs/Web/Reference"
          >
            References
          </a>
        </li>
        <li>
          <a
            href="/en-US/docs/Web/Guide"
          >
            Developer Guides
          </a>
        </li>
        <li>
          <a
            href="/en-US/docs/Web/Accessibility"
          >
            Accessibility
          </a>
        </li>
        <li>
          <a
            href="/en-US/docs/Games"
          >
            Game development
          </a>
        </li>
        <li>
          <a
            href="/en-US/docs/Web"
          >
            ...more docs
          </a>
        </li>
      </ul>
    </div>
    <div
      className="emotion-11 emotion-12"
      width={16}
    />
    <div
      className="emotion-9 emotion-10"
    >
      <div
        className="dropdown-menu-label emotion-5 emotion-6"
      >
        <a
          href="/en-US/docs/MDN/Feedback"
        >
          Feedback
        </a>
        <span
          className="emotion-3 emotion-4"
        >
          ▼
        </span>
      </div>
      <ul
        className="dropdown-menu emotion-7 emotion-8"
        onClick={[Function]}
      >
        <li>
          <a
            href="https://support.mozilla.org/"
            rel="noopener noreferrer"
            target="_blank"
          >
            Get Firefox help
             🌐
          </a>
        </li>
        <li>
          <a
            href="https://stackoverflow.com/"
            rel="noopener noreferrer"
            target="_blank"
          >
            Get web development help
             🌐
          </a>
        </li>
        <li>
          <a
            href="/en-US/docs/MDN/Community"
          >
            Join the MDN community
          </a>
        </li>
        <li>
          <a
            href="https://github.com/mdn/sprints/issues/new?template=issue-template.md&projects=mdn/sprints/2&labels=user-report&title=%2Fen-US%2Fdocs%2Ftest"
            rel="noopener noreferrer"
            target="_blank"
          >
            Report a content problem
             🌐
          </a>
        </li>
        <li>
          <a
            href="https://bugzilla.mozilla.org/form.mdn"
            rel="noopener noreferrer"
            target="_blank"
          >
            Report a bug
             🌐
          </a>
        </li>
      </ul>
    </div>
  </div>
  <div
    className="emotion-36"
  >
    <form
      action="/en-US/search"
      className="emotion-35"
      id="nav-main-search"
      method="get"
      role="search"
    >
      <svg mock
        className="emotion-33"
      />
      <label
        className="visually-hidden"
        htmlFor="main-q"
      >
        Search MDN
      </label>
      <input
        className="emotion-34"
        id="main-q"
        name="q"
        placeholder="Search MDN"
        type="search"
      />
    </form>
  </div>
  <div
    className="emotion-38"
  >
    <a
      className="emotion-37"
      data-service="GitHub"
      href="/users/github/login/?next=/[fake%20absolute%20url]"
      rel="nofollow"
    >
      Sign in
    </a>
  </div>
  <a
    className="emotion-39"
    href="https://bugzilla.mozilla.org/show_bug.cgi?id=1561020"
    rel="noopener noreferrer nofollow"
    target="_blank"
  >
    Beta
    <br />
    Feedback
  </a>
</div>
`;
