// Jest Snapshot v1, https://goo.gl/fbAQLP

exports[`Header snapshot 1`] = `
<header
  className="page-header"
  data-testid="header"
>
  <a
    aria-label="MDN Web Docs"
    className="logo"
    href="/en-US/"
  >
    <svg-mock />
  </a>
  <nav
    aria-label="Main menu"
    className="main-nav"
  >
    <button
      aria-haspopup="true"
      aria-label="Show Menu"
      className="ghost main-menu-toggle"
      onClick={[Function]}
      type="button"
    />
    <ul
      className="main-menu "
    >
      <li
        className="top-level-entry-container"
      >
        <button
          aria-expanded="false"
          aria-haspopup="true"
          className="top-level-entry"
          id="technologies-button"
          onClick={[Function]}
          type="button"
        >
          Technologies
        </button>
        <ul
          aria-labelledby="technologies-button"
          className={null}
          role="menu"
        >
          <li
            data-item="Technologies"
            role="none"
          >
            <a
              href="/en-US/docs/Web"
              onClick={[Function]}
              onContextMenu={[Function]}
              role="menuitem"
            >
              Technologies Overview
            </a>
          </li>
          <li
            data-item="Technologies"
            role="none"
          >
            <a
              href="/en-US/docs/Web/HTML"
              onClick={[Function]}
              onContextMenu={[Function]}
              role="menuitem"
            >
              HTML
            </a>
          </li>
          <li
            data-item="Technologies"
            role="none"
          >
            <a
              href="/en-US/docs/Web/CSS"
              onClick={[Function]}
              onContextMenu={[Function]}
              role="menuitem"
            >
              CSS
            </a>
          </li>
          <li
            data-item="Technologies"
            role="none"
          >
            <a
              href="/en-US/docs/Web/JavaScript"
              onClick={[Function]}
              onContextMenu={[Function]}
              role="menuitem"
            >
              JavaScript
            </a>
          </li>
          <li
            data-item="Technologies"
            role="none"
          >
            <a
              href="/en-US/docs/Web/Guide/Graphics"
              onClick={[Function]}
              onContextMenu={[Function]}
              role="menuitem"
            >
              Graphics
            </a>
          </li>
          <li
            data-item="Technologies"
            role="none"
          >
            <a
              href="/en-US/docs/Web/HTTP"
              onClick={[Function]}
              onContextMenu={[Function]}
              role="menuitem"
            >
              HTTP
            </a>
          </li>
          <li
            data-item="Technologies"
            role="none"
          >
            <a
              href="/en-US/docs/Web/API"
              onClick={[Function]}
              onContextMenu={[Function]}
              role="menuitem"
            >
              APIs / DOM
            </a>
          </li>
          <li
            data-item="Technologies"
            role="none"
          >
            <a
              href="/en-US/docs/Mozilla/Add-ons/WebExtensions"
              onClick={[Function]}
              onContextMenu={[Function]}
              role="menuitem"
            >
              Browser Extensions
            </a>
          </li>
          <li
            data-item="Technologies"
            role="none"
          >
            <a
              href="/en-US/docs/Web/MathML"
              onClick={[Function]}
              onContextMenu={[Function]}
              role="menuitem"
            >
              MathML
            </a>
          </li>
        </ul>
      </li>
      <li
        className="top-level-entry-container"
      >
        <button
          aria-expanded="false"
          aria-haspopup="true"
          className="top-level-entry"
          id="references-guides-button"
          onClick={[Function]}
          type="button"
        >
          References & Guides
        </button>
        <ul
          aria-labelledby="references-guides-button"
          className={null}
          role="menu"
        >
          <li
            data-item="References & Guides"
            role="none"
          >
            <a
              href="/en-US/docs/Learn"
              onClick={[Function]}
              onContextMenu={[Function]}
              role="menuitem"
            >
              Learn web development
            </a>
          </li>
          <li
            data-item="References & Guides"
            role="none"
          >
            <a
              href="/en-US/docs/Web/Tutorials"
              onClick={[Function]}
              onContextMenu={[Function]}
              role="menuitem"
            >
              Tutorials
            </a>
          </li>
          <li
            data-item="References & Guides"
            role="none"
          >
            <a
              href="/en-US/docs/Web/Reference"
              onClick={[Function]}
              onContextMenu={[Function]}
              role="menuitem"
            >
              References
            </a>
          </li>
          <li
            data-item="References & Guides"
            role="none"
          >
            <a
              href="/en-US/docs/Web/Guide"
              onClick={[Function]}
              onContextMenu={[Function]}
              role="menuitem"
            >
              Developer Guides
            </a>
          </li>
          <li
            data-item="References & Guides"
            role="none"
          >
            <a
              href="/en-US/docs/Web/Accessibility"
              onClick={[Function]}
              onContextMenu={[Function]}
              role="menuitem"
            >
              Accessibility
            </a>
          </li>
          <li
            data-item="References & Guides"
            role="none"
          >
            <a
              href="/en-US/docs/Games"
              onClick={[Function]}
              onContextMenu={[Function]}
              role="menuitem"
            >
              Game development
            </a>
          </li>
          <li
            data-item="References & Guides"
            role="none"
          >
            <a
              href="/en-US/docs/Web"
              onClick={[Function]}
              onContextMenu={[Function]}
              role="menuitem"
            >
              ...more docs
            </a>
          </li>
        </ul>
      </li>
      <li
        className="top-level-entry-container"
      >
        <button
          aria-expanded="false"
          aria-haspopup="true"
          className="top-level-entry"
          id="feedback-button"
          onClick={[Function]}
          type="button"
        >
          Feedback
        </button>
        <ul
          aria-labelledby="feedback-button"
          className={null}
          role="menu"
        >
          <li
            data-item="Feedback"
            role="none"
          >
            <a
              href="/en-US/docs/MDN/Feedback"
              onClick={[Function]}
              onContextMenu={[Function]}
              role="menuitem"
            >
              Send Feedback
            </a>
          </li>
          <li
            data-item="Feedback"
            role="none"
          >
            <a
              href="https://support.mozilla.org/"
              onClick={[Function]}
              onContextMenu={[Function]}
              rel="noopener noreferrer"
              role="menuitem"
              target="_blank"
            >
              Get Firefox help
               🌐
            </a>
          </li>
          <li
            data-item="Feedback"
            role="none"
          >
            <a
              href="https://stackoverflow.com/"
              onClick={[Function]}
              onContextMenu={[Function]}
              rel="noopener noreferrer"
              role="menuitem"
              target="_blank"
            >
              Get web development help
               🌐
            </a>
          </li>
          <li
            data-item="Feedback"
            role="none"
          >
            <a
              href="/en-US/docs/MDN/Contribute"
              onClick={[Function]}
              onContextMenu={[Function]}
              role="menuitem"
            >
              Contribute to MDN
            </a>
          </li>
          <li
            data-item="Feedback"
            role="none"
          >
            <a
              href="https://github.com/mdn/sprints/issues/new?template=issue-template.md&projects=mdn/sprints/2&labels=user-report&title=http://localhost/[fake%20absolute%20url]"
              onClick={[Function]}
              onContextMenu={[Function]}
              rel="noopener noreferrer"
              role="menuitem"
              target="_blank"
            >
              Report a content problem
               🌐
            </a>
          </li>
          <li
            data-item="Feedback"
            role="none"
          >
            <a
              href="https://github.com/mdn/kuma/issues/new/choose"
              onClick={[Function]}
              onContextMenu={[Function]}
              rel="noopener noreferrer"
              role="menuitem"
              target="_blank"
            >
              Report an issue
               🌐
            </a>
          </li>
        </ul>
      </li>
    </ul>
  </nav>
  <div
    className="header-search "
  >
    <form
      action="/en-US/search"
      id="nav-main-search"
      method="get"
      role="search"
    >
      <label
        className="visually-hidden"
        htmlFor="main-q"
      >
        Search MDN
      </label>
      <input
        className="search-input-field"
        id="main-q"
        name="q"
        pattern="(.|\\\\s)*\\\\S(.|\\\\s)*"
        placeholder="Search MDN"
        required={true}
        type="search"
      />
      <svg-mock
        className="search-icon"
      />
    </form>
    <button
      className="toggle-form"
      onClick={[Function]}
    >
      <svg-mock
        className="close-icon hide"
      />
      <svg-mock
        className="search-icon"
      />
      <span>
        Open search
      </span>
    </button>
  </div>
  <a
    className="signin-link"
    href="/en-US/users/account/signup-landing?next=/[fake%20absolute%20url]"
    onClick={[Function]}
    rel="nofollow"
  >
    Sign in
  </a>
</header>
`;
