// Jest Snapshot v1, https://goo.gl/fbAQLP

exports[`LanguageMenu snapshot 1`] = `
.emotion-6 {
  position: relative;
  margin-left: -5px;
}

.emotion-6:hover .dropdown-menu-label {
  color: #3d7e9a;
}

.emotion-6:hover .dropdown-menu-label a {
  color: #3d7e9a;
}

.emotion-6:hover .dropdown-menu {
  display: -webkit-box;
  display: -webkit-flex;
  display: -ms-flexbox;
  display: flex;
}

.emotion-2 {
  display: -webkit-box;
  display: -webkit-flex;
  display: -ms-flexbox;
  display: flex;
  -webkit-flex-direction: row;
  -ms-flex-direction: row;
  flex-direction: row;
  -webkit-align-items: center;
  -webkit-box-align: center;
  -ms-flex-align: center;
  align-items: center;
  white-space: nowrap;
  font-size: 15px;
  font-weight: bold;
  color: #333;
  padding: 0 5px 5px 5px;
  border: none;
}

.emotion-2:focus {
  outline-offset: -3px;
}

.emotion-2 a {
  color: #333;
  -webkit-text-decoration: none;
  text-decoration: none;
}

.emotion-0 {
  font-size: 75%;
  padding-left: 2px;
}

.emotion-4 {
  position: absolute;
  display: none;
  z-index: 100;
  -webkit-flex-direction: column;
  -ms-flex-direction: column;
  flex-direction: column;
  box-sizing: border-box;
  background-color: white;
  box-shadow: 0 2px 8px 0 rgba(12,12,13,0.1);
  border: solid 1px #d8dfe2;
  border-radius: 4px;
  padding: 4px 0;
  min-width: 100%;
}

.emotion-4 li a,
.emotion-4 li button {
  display: inline-block;
  box-sizing: border-box;
  width: 100%;
  padding: 6px 16px;
  white-space: nowrap;
  color: #3d7e9a;
  font-size: 15px;
  font-weight: bold;
  text-align: start;
}

.emotion-4 li a:hover,
.emotion-4 li button:hover {
  color: #fff;
  background-color: #3d7e9a;
  -webkit-text-decoration: none;
  text-decoration: none;
}

<div
  className="emotion-6 emotion-7"
>
  <div
    className="dropdown-menu-label emotion-2 emotion-3"
  >
    English
    <span
      className="emotion-0 emotion-1"
    >
      ▼
    </span>
  </div>
  <ul
    className="dropdown-menu emotion-4 emotion-5"
    onClick={[Function]}
    style={
      Object {
        "right": 0,
      }
    }
  >
    <li
      lang="es"
    >
      <a
        href="[fake spanish url]"
        title="Spanish"
      >
        <bdi>
          Español
        </bdi>
      </a>
    </li>
    <li>
      <a
        href="[fake translate url]"
        id="translations-add"
        rel="nofollow"
      >
        Add a translation
      </a>
    </li>
  </ul>
</div>
`;
