// Jest Snapshot v1, https://goo.gl/fbAQLP

exports[`Login component when user is logged in 1`] = `
.emotion-2 {
  display: -webkit-box;
  display: -webkit-flex;
  display: -ms-flexbox;
  display: flex;
  -webkit-flex-direction: row;
  -ms-flex-direction: row;
  flex-direction: row;
  -webkit-align-items: center;
  -webkit-box-align: center;
  -ms-flex-align: center;
  align-items: center;
  grid-area: L;
  justify-self: center;
}

.emotion-2 button {
  font-size: 1em;
}

.emotion-0 {
  width: 40px;
  height: 40px;
  border-radius: 50%;
}

.emotion-1 {
  border-width: 0;
  padding: 0;
  color: #3d7e9a;
}

<div
  className="emotion-2 emotion-3"
>
  <div
    className="dropdown-container"
  >
    <button
      className="dropdown-menu-label"
      type="button"
    >
      <img
        alt="test-username"
        className="emotion-0"
        src="/static/img/avatar.png"
        srcSet="test-bigurl 200w, test-url 50w"
      />
    </button>
    <ul
      className="dropdown-menu-items"
      style={
        Object {
          "right": 0,
        }
      }
    >
      <li>
        <a
          href="/en-US/profiles/test-username"
        >
          View profile
        </a>
      </li>
      <li>
        <a
          href="/en-US/profiles/test-username/edit"
        >
          Edit profile
        </a>
      </li>
      <li>
        <form
          action="/en-US/users/signout"
          method="post"
        >
          <input
            name="next"
            type="hidden"
            value="/"
          />
          <button
            className="emotion-1"
            type="submit"
          >
            Sign out
          </button>
        </form>
      </li>
    </ul>
  </div>
</div>
`;

exports[`Login component when user is not logged in 1`] = `
.emotion-0 {
  display: -webkit-box;
  display: -webkit-flex;
  display: -ms-flexbox;
  display: flex;
  -webkit-align-items: center;
  -webkit-box-align: center;
  -ms-flex-align: center;
  align-items: center;
  justify-self: center;
  font-size: 1em;
  font-weight: bold;
  color: black;
  margin-left: 24px;
  -webkit-text-decoration: none;
  text-decoration: none;
}

.emotion-0:hover {
  -webkit-text-decoration: none;
  text-decoration: none;
  background-color: #eee;
}

.emotion-0:focus {
  outline-offset: -3px;
}

<a
  className="emotion-0"
  data-service="GitHub"
  href="/users/github/login/?next=/"
  rel="nofollow"
>
  Sign in
</a>
`;
