// Jest Snapshot v1, https://goo.gl/fbAQLP

exports[`Logo snapshot 1`] = `
.emotion-0 {
  display: block;
  height: 48px;
  width: 219px;
  overflow: hidden;
}

<a
  className="emotion-0"
  href="https://developer.mozilla.org"
>
  <img
    alt="MDN Web Docs"
    src="/static/img/web-docs-sprite.svg"
  />
</a>
`;
