// Jest Snapshot v1, https://goo.gl/fbAQLP

exports[`MainMenu snapshot 1`] = `
<nav
  className="main-nav"
  role="navigation"
>
  <ul>
    <li
      className="top-level-entry-container"
    >
      <button
        aria-haspopup="true"
        className="top-level-entry"
        onContextMenu={[Function]}
        onFocus={[Function]}
        onMouseOver={[Function]}
        type="button"
      >
        Technologies
        <span
          aria-hidden="true"
          className="main-menu-arrow"
        >
          ▼
        </span>
      </button>
      <ul>
        <li
          data-item="Technologies"
          role="menuitem"
        >
          <a
            href="/en-US/docs/Web"
            onClick={[Function]}
            onContextMenu={[Function]}
          >
            Technologies Overview
          </a>
        </li>
        <li
          data-item="Technologies"
          role="menuitem"
        >
          <a
            href="/en-US/docs/Web/HTML"
            onClick={[Function]}
            onContextMenu={[Function]}
          >
            HTML
          </a>
        </li>
        <li
          data-item="Technologies"
          role="menuitem"
        >
          <a
            href="/en-US/docs/Web/CSS"
            onClick={[Function]}
            onContextMenu={[Function]}
          >
            CSS
          </a>
        </li>
        <li
          data-item="Technologies"
          role="menuitem"
        >
          <a
            href="/en-US/docs/Web/JavaScript"
            onClick={[Function]}
            onContextMenu={[Function]}
          >
            JavaScript
          </a>
        </li>
        <li
          data-item="Technologies"
          role="menuitem"
        >
          <a
            href="/en-US/docs/Web/Guide/Graphics"
            onClick={[Function]}
            onContextMenu={[Function]}
          >
            Graphics
          </a>
        </li>
        <li
          data-item="Technologies"
          role="menuitem"
        >
          <a
            href="/en-US/docs/Web/HTTP"
            onClick={[Function]}
            onContextMenu={[Function]}
          >
            HTTP
          </a>
        </li>
        <li
          data-item="Technologies"
          role="menuitem"
        >
          <a
            href="/en-US/docs/Web/API"
            onClick={[Function]}
            onContextMenu={[Function]}
          >
            APIs / DOM
          </a>
        </li>
        <li
          data-item="Technologies"
          role="menuitem"
        >
          <a
            href="/en-US/docs/Mozilla/Add-ons/WebExtensions"
            onClick={[Function]}
            onContextMenu={[Function]}
          >
            Browser Extensions
          </a>
        </li>
        <li
          data-item="Technologies"
          role="menuitem"
        >
          <a
            href="/en-US/docs/Web/MathML"
            onClick={[Function]}
            onContextMenu={[Function]}
          >
            MathML
          </a>
        </li>
      </ul>
    </li>
    <li
      className="top-level-entry-container"
    >
      <button
        aria-haspopup="true"
        className="top-level-entry"
        onContextMenu={[Function]}
        onFocus={[Function]}
        onMouseOver={[Function]}
        type="button"
      >
        References & Guides
        <span
          aria-hidden="true"
          className="main-menu-arrow"
        >
          ▼
        </span>
      </button>
      <ul>
        <li
          data-item="References & Guides"
          role="menuitem"
        >
          <a
            href="/en-US/docs/Learn"
            onClick={[Function]}
            onContextMenu={[Function]}
          >
            Learn web development
          </a>
        </li>
        <li
          data-item="References & Guides"
          role="menuitem"
        >
          <a
            href="/en-US/docs/Web/Tutorials"
            onClick={[Function]}
            onContextMenu={[Function]}
          >
            Tutorials
          </a>
        </li>
        <li
          data-item="References & Guides"
          role="menuitem"
        >
          <a
            href="/en-US/docs/Web/Reference"
            onClick={[Function]}
            onContextMenu={[Function]}
          >
            References
          </a>
        </li>
        <li
          data-item="References & Guides"
          role="menuitem"
        >
          <a
            href="/en-US/docs/Web/Guide"
            onClick={[Function]}
            onContextMenu={[Function]}
          >
            Developer Guides
          </a>
        </li>
        <li
          data-item="References & Guides"
          role="menuitem"
        >
          <a
            href="/en-US/docs/Web/Accessibility"
            onClick={[Function]}
            onContextMenu={[Function]}
          >
            Accessibility
          </a>
        </li>
        <li
          data-item="References & Guides"
          role="menuitem"
        >
          <a
            href="/en-US/docs/Games"
            onClick={[Function]}
            onContextMenu={[Function]}
          >
            Game development
          </a>
        </li>
        <li
          data-item="References & Guides"
          role="menuitem"
        >
          <a
            href="/en-US/docs/Web"
            onClick={[Function]}
            onContextMenu={[Function]}
          >
            ...more docs
          </a>
        </li>
      </ul>
    </li>
    <li
      className="top-level-entry-container"
    >
      <button
        aria-haspopup="true"
        className="top-level-entry"
        onContextMenu={[Function]}
        onFocus={[Function]}
        onMouseOver={[Function]}
        type="button"
      >
        Feedback
        <span
          aria-hidden="true"
          className="main-menu-arrow"
        >
          ▼
        </span>
      </button>
      <ul>
        <li
          data-item="Feedback"
          role="menuitem"
        >
          <a
            href="/en-US/docs/MDN/Feedback"
            onClick={[Function]}
            onContextMenu={[Function]}
          >
            Send Feedback
          </a>
        </li>
        <li
          data-item="Feedback"
          role="menuitem"
        >
          <a
            href="https://support.mozilla.org/"
            onClick={[Function]}
            onContextMenu={[Function]}
            rel="noopener noreferrer"
            target="_blank"
          >
            Get Firefox help
             🌐
          </a>
        </li>
        <li
          data-item="Feedback"
          role="menuitem"
        >
          <a
            href="https://stackoverflow.com/"
            onClick={[Function]}
            onContextMenu={[Function]}
            rel="noopener noreferrer"
            target="_blank"
          >
            Get web development help
             🌐
          </a>
        </li>
        <li
          data-item="Feedback"
          role="menuitem"
        >
          <a
            href="/en-US/docs/MDN/Community"
            onClick={[Function]}
            onContextMenu={[Function]}
          >
            Join the MDN community
          </a>
        </li>
        <li
          data-item="Feedback"
          role="menuitem"
        >
          <a
            href="https://github.com/mdn/sprints/issues/new?template=issue-template.md&projects=mdn/sprints/2&labels=user-report&title=%2Fen-US%2Fdocs%2Ftest"
            onClick={[Function]}
            onContextMenu={[Function]}
            rel="noopener noreferrer"
            target="_blank"
          >
            Report a content problem
             🌐
          </a>
        </li>
        <li
          data-item="Feedback"
          role="menuitem"
        >
          <a
            href="https://github.com/mdn/kuma/issues/new"
            onClick={[Function]}
            onContextMenu={[Function]}
            rel="noopener noreferrer"
            target="_blank"
          >
            Report an issue
             🌐
          </a>
        </li>
      </ul>
    </li>
  </ul>
</nav>
`;
