// Jest Snapshot v1, https://goo.gl/fbAQLP

exports[`Search snapshot 1`] = `
.emotion-2 {
  display: -webkit-box;
  display: -webkit-flex;
  display: -ms-flexbox;
  display: flex;
  -webkit-flex-direction: row;
  -ms-flex-direction: row;
  flex-direction: row;
  -webkit-align-items: center;
  -webkit-box-align: center;
  -ms-flex-align: center;
  align-items: center;
  border-bottom: solid black 1px;
  max-width: 350px;
  min-width: 120px;
  -webkit-flex: 2 1 120px;
  -ms-flex: 2 1 120px;
  flex: 2 1 120px;
}

.emotion-0 {
  vertical-align: -2px;
  -webkit-flex: 0 0 20px;
  -ms-flex: 0 0 20px;
  flex: 0 0 20px;
}

.emotion-1 {
  border-width: 0 !important;
  font-size: 18px;
  font-weight: bold !important;
  padding-bottom: 0 !important;
  -webkit-flex: 0 1 300px;
  -ms-flex: 0 1 300px;
  flex: 0 1 300px;
}

<form
  action="/en-US/search"
  className="emotion-2"
  id="nav-main-search"
  method="get"
  role="search"
>
  <svg mock
    className="emotion-0"
  />
  <input
    className="emotion-1"
    id="main-q"
    name="q"
    placeholder="Search MDN"
    type="search"
  />
</form>
`;
