// Jest Snapshot v1, https://goo.gl/fbAQLP

exports[`Search snapshot 1`] = `
<form
  action="/en-US/search"
  className="header-search"
  id="nav-main-search"
  method="get"
  role="search"
>
  <svg mock
    className="search-icon"
  />
  <label
    className="visually-hidden"
    htmlFor="main-q"
  >
    Search MDN
  </label>
  <input
    className="search-input-field"
    id="main-q"
    name="q"
    placeholder="Search MDN"
    type="search"
  />
</form>
`;
