// Jest Snapshot v1, https://goo.gl/fbAQLP

exports[`<Interpolated/> takes element parameters 1`] = `
Array [
  "oh a ",
  <a
    href="/"
  >
    click
  </a>,
  " wow",
]
`;

exports[`<Interpolated/> takes element parameters 2`] = `
Array [
  "wow ",
  <h1>
    Beautiful
  </h1>,
  " such ",
  "<body />",
  " many ",
  <p
    className="something"
  >
    more
  </p>,
  "",
]
`;
