// Jest Snapshot v1, https://goo.gl/fbAQLP

exports[`Page snapshot 1`] = `
.emotion-46 {
  display: -webkit-box;
  display: -webkit-flex;
  display: -ms-flexbox;
  display: flex;
  -webkit-flex-direction: row;
  -ms-flex-direction: row;
  flex-direction: row;
  -webkit-align-items: center;
  -webkit-box-align: center;
  -ms-flex-align: center;
  align-items: center;
  border-top: 4px solid #83d0f2;
  height: 64px;
  box-sizing: border-box;
}

.emotion-0 {
  display: block;
  height: 60px;
}

.emotion-1 {
  -webkit-box-flex: 0;
  -webkit-flex-grow: 0;
  -ms-flex-positive: 0;
  flex-grow: 0;
  -webkit-flex-shrink: 0;
  -ms-flex-negative: 0;
  flex-shrink: 0;
  -webkit-flex-basis: 4px;
  -ms-flex-preferred-size: 4px;
  flex-basis: 4px;
}

.emotion-9 {
  position: relative;
  pointer-events: auto;
}

.emotion-5 {
  display: -webkit-box;
  display: -webkit-flex;
  display: -ms-flexbox;
  display: flex;
  -webkit-flex-direction: row;
  -ms-flex-direction: row;
  flex-direction: row;
  -webkit-align-items: center;
  -webkit-box-align: center;
  -ms-flex-align: center;
  align-items: center;
  font-size: 16px;
  font-weight: bold;
  line-height: 32px;
  white-space: nowrap;
  padding: 0 10px;
  margin: 0;
  border: none;
}

.emotion-5:hover {
  background-color: #eee;
}

.emotion-5:focus {
  outline-offset: -3px;
}

.emotion-3 {
  font-size: 12px;
  padding-left: 2px;
}

.emotion-7 {
  position: absolute;
  z-index: 100;
  display: -webkit-box;
  display: -webkit-flex;
  display: -ms-flexbox;
  display: flex;
  -webkit-flex-direction: column;
  -ms-flex-direction: column;
  flex-direction: column;
  box-sizing: border-box;
  background-color: white;
  border: solid #83d0f2 1.5px;
  box-shadow: 3px 3px 5px rgba(0,0,0,0.25);
  padding: 10px;
  min-width: 100%;
  display: none;
}

.emotion-7 li {
  padding: 5px;
  white-space: nowrap;
}

.emotion-35 {
  -webkit-flex: 1 1 0px;
  -ms-flex: 1 1 0px;
  flex: 1 1 0px;
}

.emotion-39 {
  display: -webkit-box;
  display: -webkit-flex;
  display: -ms-flexbox;
  display: flex;
  -webkit-flex-direction: row;
  -ms-flex-direction: row;
  flex-direction: row;
  -webkit-align-items: center;
  -webkit-box-align: center;
  -ms-flex-align: center;
  align-items: center;
  padding: 2px 8px;
  border: solid #888 1px;
  border-radius: 8px;
  max-width: 350px;
  min-width: 120px;
  -webkit-flex: 2 1 120px;
  -ms-flex: 2 1 120px;
  flex: 2 1 120px;
}

.emotion-37 {
  fill: #333;
  -webkit-flex: 0 0 20px;
  -ms-flex: 0 0 20px;
  flex: 0 0 20px;
}

.emotion-38 {
  border-width: 0 !important;
  font-size: 16px;
  font-weight: bold !important;
  -webkit-flex: 0 1 300px;
  -ms-flex: 0 1 300px;
  flex: 0 1 300px;
}

.emotion-40 {
  -webkit-box-flex: 0;
  -webkit-flex-grow: 0;
  -ms-flex-positive: 0;
  flex-grow: 0;
  -webkit-flex-shrink: 0;
  -ms-flex-negative: 0;
  flex-shrink: 0;
  -webkit-flex-basis: 15px;
  -ms-flex-preferred-size: 15px;
  flex-basis: 15px;
}

.emotion-43 {
  display: -webkit-box;
  display: -webkit-flex;
  display: -ms-flexbox;
  display: flex;
  -webkit-align-items: center;
  -webkit-box-align: center;
  -ms-flex-align: center;
  align-items: center;
  font-size: 18px;
  font-weight: bold;
  color: black;
  -webkit-text-decoration: none;
  text-decoration: none;
  line-height: 48px;
  padding: 0 8px;
}

.emotion-43:hover {
  -webkit-text-decoration: none;
  text-decoration: none;
  background-color: #eee;
}

.emotion-43:focus {
  outline-offset: -3px;
}

.emotion-42 {
  margin-left: 5px;
}

.emotion-49 {
  display: -webkit-box;
  display: -webkit-flex;
  display: -ms-flexbox;
  display: flex;
  -webkit-flex-direction: row;
  -ms-flex-direction: row;
  flex-direction: row;
  -webkit-align-items: center;
  -webkit-box-align: center;
  -ms-flex-align: center;
  align-items: center;
  background-color: #f5f9fa;
  padding: 12px 0 12px 32px;
}

.emotion-48 {
  font-family: x-locale-heading-primary,zillaslab,"Palatino","Palatino Linotype",x-locale-heading-secondary,serif;
  font-size: 2.8rem;
  margin: 0;
}

.emotion-51 {
  display: -webkit-box;
  display: -webkit-flex;
  display: -ms-flexbox;
  display: flex;
  -webkit-flex-direction: row;
  -ms-flex-direction: row;
  flex-direction: row;
  -webkit-align-items: center;
  -webkit-box-align: center;
  -ms-flex-align: center;
  align-items: center;
  color: #fff;
  background-color: #222;
  padding: 8px 0 8px 32px;
}

.emotion-51 li {
  display: inline-block;
}

.emotion-51 a {
  color: #83d0f2;
  padding-right: 30px;
  white-space: nowrap;
  -webkit-text-decoration: none;
  text-decoration: none;
  font-size: 1rem;
}

.emotion-51 code {
  background-color: inherit;
  color: inherit;
  font-family: inherit;
  font-size: inherit;
  padding: 0;
}

.emotion-51 li ol,
.emotion-51 li ul {
  display: none;
}

.emotion-58 {
  display: -webkit-box;
  display: -webkit-flex;
  display: -ms-flexbox;
  display: flex;
  -webkit-flex-direction: row;
  -ms-flex-direction: row;
  flex-direction: row;
  -webkit-align-items: center;
  -webkit-box-align: center;
  -ms-flex-align: center;
  align-items: center;
  -webkit-align-items: start;
  -webkit-box-align: start;
  -ms-flex-align: start;
  align-items: start;
  padding: 30px 24px;
}

.emotion-54 {
  -webkit-flex: 0 0 23%;
  -ms-flex: 0 0 23%;
  flex: 0 0 23%;
  max-width: 23%;
}

.emotion-55 {
  -webkit-box-flex: 0;
  -webkit-flex-grow: 0;
  -ms-flex-positive: 0;
  flex-grow: 0;
  -webkit-flex-shrink: 0;
  -ms-flex-negative: 0;
  flex-shrink: 0;
  -webkit-flex-basis: 3%;
  -ms-flex-preferred-size: 3%;
  flex-basis: 3%;
}

.emotion-57 {
  -webkit-flex: 0 0 74%;
  -ms-flex: 0 0 74%;
  flex: 0 0 74%;
  max-width: 74%;
}

.emotion-57 p {
  max-width: 42rem;
}

<div>
  <div
    className="emotion-46 emotion-47"
  >
    <a
      className="emotion-0"
      href="/en-US/"
    >
      <svg mock
        alt="MDN Web Docs Logo"
      />
    </a>
    <div
      className="emotion-1 emotion-2"
      width={4}
    />
    <div
      className="emotion-9 emotion-10"
    >
      <button
        className="emotion-5 emotion-6"
        onClick={[Function]}
      >
        Technologies
        <span
          className="emotion-3 emotion-4"
        >
          ▼
        </span>
      </button>
      <ul
        className="dropdown-menu emotion-7 emotion-8"
      >
        <li>
          <a
            href="//docs/Web/HTML"
          >
            HTML
          </a>
        </li>
        <li>
          <a
            href="//docs/Web/CSS"
          >
            CSS
          </a>
        </li>
        <li>
          <a
            href="//docs/Web/JavaScript"
          >
            JavaScript
          </a>
        </li>
        <li>
          <a
            href="//docs/Web/Guide/Graphics"
          >
            Graphics
          </a>
        </li>
        <li>
          <a
            href="//docs/Web/HTTP"
          >
            HTTP
          </a>
        </li>
        <li>
          <a
            href="//docs/Web/API"
          >
            APIs / DOM
          </a>
        </li>
        <li>
          <a
            href="//docs/Mozilla/Add-ons/WebExtensions"
          >
            Browser Extensions
          </a>
        </li>
        <li>
          <a
            href="//docs/Web/MathML"
          >
            MathML
          </a>
        </li>
      </ul>
    </div>
    <div
      className="emotion-9 emotion-10"
    >
      <button
        className="emotion-5 emotion-6"
        onClick={[Function]}
      >
        References & Guides
        <span
          className="emotion-3 emotion-4"
        >
          ▼
        </span>
      </button>
      <ul
        className="dropdown-menu emotion-7 emotion-8"
      >
        <li>
          <a
            href="//docs/Learn"
          >
            Learn web development
          </a>
        </li>
        <li>
          <a
            href="//docs/Web/Tutorials"
          >
            Tutorials
          </a>
        </li>
        <li>
          <a
            href="//docs/Web/Reference"
          >
            References
          </a>
        </li>
        <li>
          <a
            href="//docs/Web/Guide"
          >
            Developer Guides
          </a>
        </li>
        <li>
          <a
            href="//docs/Web/Accessibility"
          >
            Accessibility
          </a>
        </li>
        <li>
          <a
            href="//docs/Games"
          >
            Game development
          </a>
        </li>
        <li>
          <a
            href="//docs/Web"
          >
            ...more docs
          </a>
        </li>
      </ul>
    </div>
    <div
      className="emotion-9 emotion-10"
    >
      <button
        className="emotion-5 emotion-6"
        onClick={[Function]}
      >
        Feedback
        <span
          className="emotion-3 emotion-4"
        >
          ▼
        </span>
      </button>
      <ul
        className="dropdown-menu emotion-7 emotion-8"
      >
        <li>
          <a
            href="https://support.mozilla.org/"
            rel="noopener noreferrer"
            target="_blank"
          >
            Get Firefox help
             🌐
          </a>
        </li>
        <li>
          <a
            href="https://stackoverflow.com/"
            rel="noopener noreferrer"
            target="_blank"
          >
            Get web development help
             🌐
          </a>
        </li>
        <li>
          <a
            href="//docs/MDN/Community"
          >
            Join the MDN community
          </a>
        </li>
        <li>
          <a
            href="https://github.com/mdn/sprints/issues/new?template=issue-template.md&projects=mdn/sprints/2&labels=user-report&title=http%3A%2F%2Flocalhost%2F"
            rel="noopener noreferrer"
            target="_blank"
          >
            Report a content problem
             🌐
          </a>
        </li>
        <li>
          <a
            href="https://bugzilla.mozilla.org/form.mdn"
            rel="noopener noreferrer"
            target="_blank"
          >
            Report a bug
             🌐
          </a>
        </li>
      </ul>
    </div>
    <div
      className="emotion-9 emotion-10"
    >
      <button
        className="emotion-5 emotion-6"
        onClick={[Function]}
      >
        <svg mock />
        <span
          className="emotion-3 emotion-4"
        >
          ▼
        </span>
      </button>
      <ul
        className="dropdown-menu emotion-7 emotion-8"
      >
        <li
          lang="es"
        >
          <a
            href="[fake spanish url]"
            title="Spanish"
          >
            <bdi>
              Español
            </bdi>
          </a>
        </li>
      </ul>
    </div>
    <div
      className="emotion-35 emotion-36"
    />
    <form
      action="/en-US/search"
      className="emotion-39"
      id="nav-main-search"
      method="get"
      role="search"
    >
      <svg mock
        className="emotion-37"
      />
      <input
        className="emotion-38"
        id="main-q"
        name="q"
        placeholder="Search MDN"
        type="search"
      />
    </form>
    <div
      className="emotion-40 emotion-2"
      width={15}
    />
    <a
      className="emotion-43"
      data-service="GitHub"
      href="/users/github/login/?next=/"
      rel="nofollow"
    >
      Sign in
       
      <svg mock
        className="emotion-42"
      />
    </a>
    <div
      className="emotion-40 emotion-2"
      width={15}
    />
  </div>
  <div
    className="emotion-49 emotion-47"
  >
    <h1
      className="emotion-48"
    >
      [fake document title]
    </h1>
  </div>
  <div
    className="emotion-51 emotion-47"
    dangerouslySetInnerHTML={
      Object {
        "__html": "<ol>[fake TOC HTML]</ol>",
      }
    }
  />
  <div
    className="emotion-58 emotion-47"
  >
    <div
      className="emotion-54"
    >
      <nav
        className="crumbs"
        role="navigation"
      >
        <ol>
          <li
            className="crumb"
          >
            <a
              href="[fake grandparent url]"
            >
              <span>
                [fake grandparent title]
              </span>
            </a>
          </li>
          <li
            className="crumb"
          >
            <a
              href="[fake parent url]"
            >
              <span>
                [fake parent title]
              </span>
            </a>
          </li>
          <li
            className="crumb"
          >
            <span>
              [fake document title]
            </span>
          </li>
        </ol>
      </nav>
      <div
        className="quick-links emotion-53"
      >
        <div
          className="quick-links-head"
        >
          Related Topics
        </div>
        <div
          dangerouslySetInnerHTML={
            Object {
              "__html": "[fake quicklinks HTML]",
            }
          }
        />
      </div>
    </div>
    <div
      className="emotion-55 emotion-2"
      width="3%"
    />
    <article
      className="text-content emotion-57"
      dangerouslySetInnerHTML={
        Object {
          "__html": "[fake body HTML]",
        }
      }
    />
  </div>
</div>
`;
