// Jest Snapshot v1, https://goo.gl/fbAQLP

exports[`Page snapshot 1`] = `
Array [
  .emotion-46 {
  border-top: 4px solid #83d0f2;
  display: grid;
  -webkit-align-items: center;
  -webkit-box-align: center;
  -ms-flex-align: center;
  align-items: center;
}

@media (min-width:1024px) {
  .emotion-46 {
    font-size: 15px;
    grid-template-columns: 274px 500px minmax(80px,1fr) 125px;
    -webkit-column-gap: 10px;
    column-gap: 10px;
    grid-template-areas: "I M S L";
  }
}

@media (min-width:750px) and (max-width:1023px) {
  .emotion-46 {
    font-size: 12px;
    grid-template-columns: repeat(10,1fr);
    -webkit-column-gap: 5px;
    column-gap: 5px;
    grid-template-areas: "I I I S S S S S L L" "M M M M M M M M M M";
  }
}

@media (max-width:749px) {
  .emotion-46 {
    font-size: 10px;
    grid-template-columns: repeat(4,1fr);
    grid-template-areas: "I I L L" "S S S S" "M M M M";
  }
}

.emotion-1 {
  display: block;
  grid-area: I;
}

.emotion-0 {
  height: 4em;
}

.emotion-37 {
  display: -webkit-box;
  display: -webkit-flex;
  display: -ms-flexbox;
  display: flex;
  -webkit-flex-direction: row;
  -ms-flex-direction: row;
  flex-direction: row;
  -webkit-align-items: center;
  -webkit-box-align: center;
  -ms-flex-align: center;
  align-items: center;
  grid-area: M;
  -webkit-flex-wrap: wrap;
  -ms-flex-wrap: wrap;
  flex-wrap: wrap;
  margin: 0 5px;
}

@media (min-width:1024px) {
  .emotion-37 button {
    font-size: 16px;
    font-weight: bold;
    line-height: 32px;
  }
}

@media (min-width:750px) and (max-width:1023px) {
  .emotion-37 button {
    font-size: 14px;
    font-weight: bold;
    line-height: 28px;
  }
}

@media (max-width:749px) {
  .emotion-37 button {
    font-size: 12px;
    font-weight: normal;
    line-height: 24px;
  }
}

.emotion-8 {
  position: relative;
  pointer-events: auto;
}

.emotion-4 {
  display: -webkit-box;
  display: -webkit-flex;
  display: -ms-flexbox;
  display: flex;
  -webkit-flex-direction: row;
  -ms-flex-direction: row;
  flex-direction: row;
  -webkit-align-items: center;
  -webkit-box-align: center;
  -ms-flex-align: center;
  align-items: center;
  white-space: nowrap;
  padding: 0 5px;
  margin: 0;
  border: none;
}

.emotion-4:hover {
  background-color: #eee;
}

.emotion-4:focus {
  outline-offset: -3px;
}

.emotion-2 {
  font-size: '75%';
  padding-left: 2px;
}

.emotion-6 {
  position: absolute;
  z-index: 100;
  display: -webkit-box;
  display: -webkit-flex;
  display: -ms-flexbox;
  display: flex;
  -webkit-flex-direction: column;
  -ms-flex-direction: column;
  flex-direction: column;
  box-sizing: border-box;
  background-color: white;
  border: solid #83d0f2 1.5px;
  box-shadow: 3px 3px 5px rgba(0,0,0,0.25);
  padding: 10px;
  min-width: 100%;
  display: none;
}

.emotion-6 li {
  padding: 5px;
  white-space: nowrap;
}

.emotion-26 {
  -webkit-flex: 1 1 0px;
  -ms-flex: 1 1 0px;
  flex: 1 1 0px;
}

.emotion-28 {
  height: 1.5em;
}

.emotion-42 {
  grid-area: S;
  margin: 2px 8px;
  justify-self: stretch;
}

.emotion-41 {
  display: -webkit-box;
  display: -webkit-flex;
  display: -ms-flexbox;
  display: flex;
  -webkit-flex-direction: row;
  -ms-flex-direction: row;
  flex-direction: row;
  -webkit-align-items: center;
  -webkit-box-align: center;
  -ms-flex-align: center;
  align-items: center;
  padding: 2px 8px;
  border: solid #888 1px;
  border-radius: 8px;
  min-width: 80px;
  -webkit-flex: 2 1;
  -ms-flex: 2 1;
  flex: 2 1;
}

.emotion-39 {
  fill: #333;
  -webkit-flex: 0 0 20px;
  -ms-flex: 0 0 20px;
  flex: 0 0 20px;
}

.emotion-40 {
  border-width: 0 !important;
  font-size: 16px;
  font-weight: bold !important;
  -webkit-flex: 1 1 100px;
  -ms-flex: 1 1 100px;
  flex: 1 1 100px;
  min-width: 60px;
}

.emotion-45 {
  grid-area: L;
  justify-self: end;
  margin-right: 15px;
}

.emotion-44 {
  display: -webkit-box;
  display: -webkit-flex;
  display: -ms-flexbox;
  display: flex;
  -webkit-align-items: center;
  -webkit-box-align: center;
  -ms-flex-align: center;
  align-items: center;
  font-size: 1.2em;
  font-weight: bold;
  color: black;
  -webkit-text-decoration: none;
  text-decoration: none;
  line-height: 3.2em;
  padding: 0 8px;
}

.emotion-44:hover {
  -webkit-text-decoration: none;
  text-decoration: none;
  background-color: #eee;
}

.emotion-44:focus {
  outline-offset: -3px;
}

.emotion-43 {
  margin-left: 3px;
  width: 1.5em;
}

<div
    className="emotion-46"
  >
    <a
      className="emotion-1"
      href="/en-US/"
    >
      <svg mock
        alt="MDN Web Docs Logo"
        className="emotion-0"
      />
    </a>
    <div
      className="emotion-37 emotion-38"
    >
      <div
        className="emotion-8 emotion-9"
      >
        <button
          className="emotion-4 emotion-5"
          onClick={[Function]}
        >
          Technologies
          <span
            className="emotion-2 emotion-3"
          >
            ▼
          </span>
        </button>
        <ul
          className="dropdown-menu emotion-6 emotion-7"
        >
          <li>
            <a
              href="/en-US/docs/Web/HTML"
            >
              HTML
            </a>
          </li>
          <li>
            <a
              href="/en-US/docs/Web/CSS"
            >
              CSS
            </a>
          </li>
          <li>
            <a
              href="/en-US/docs/Web/JavaScript"
            >
              JavaScript
            </a>
          </li>
          <li>
            <a
              href="/en-US/docs/Web/Guide/Graphics"
            >
              Graphics
            </a>
          </li>
          <li>
            <a
              href="/en-US/docs/Web/HTTP"
            >
              HTTP
            </a>
          </li>
          <li>
            <a
              href="/en-US/docs/Web/API"
            >
              APIs / DOM
            </a>
          </li>
          <li>
            <a
              href="/en-US/docs/Mozilla/Add-ons/WebExtensions"
            >
              Browser Extensions
            </a>
          </li>
          <li>
            <a
              href="/en-US/docs/Web/MathML"
            >
              MathML
            </a>
          </li>
        </ul>
      </div>
      <div
        className="emotion-8 emotion-9"
      >
        <button
          className="emotion-4 emotion-5"
          onClick={[Function]}
        >
          References & Guides
          <span
            className="emotion-2 emotion-3"
          >
            ▼
          </span>
        </button>
        <ul
          className="dropdown-menu emotion-6 emotion-7"
        >
          <li>
            <a
              href="/en-US/docs/Learn"
            >
              Learn web development
            </a>
          </li>
          <li>
            <a
              href="/en-US/docs/Web/Tutorials"
            >
              Tutorials
            </a>
          </li>
          <li>
            <a
              href="/en-US/docs/Web/Reference"
            >
              References
            </a>
          </li>
          <li>
            <a
              href="/en-US/docs/Web/Guide"
            >
              Developer Guides
            </a>
          </li>
          <li>
            <a
              href="/en-US/docs/Web/Accessibility"
            >
              Accessibility
            </a>
          </li>
          <li>
            <a
              href="/en-US/docs/Games"
            >
              Game development
            </a>
          </li>
          <li>
            <a
              href="/en-US/docs/Web"
            >
              ...more docs
            </a>
          </li>
        </ul>
      </div>
      <div
        className="emotion-8 emotion-9"
      >
        <button
          className="emotion-4 emotion-5"
          onClick={[Function]}
        >
          Feedback
          <span
            className="emotion-2 emotion-3"
          >
            ▼
          </span>
        </button>
        <ul
          className="dropdown-menu emotion-6 emotion-7"
        >
          <li>
            <a
              href="https://support.mozilla.org/"
              rel="noopener noreferrer"
              target="_blank"
            >
              Get Firefox help
               🌐
            </a>
          </li>
          <li>
            <a
              href="https://stackoverflow.com/"
              rel="noopener noreferrer"
              target="_blank"
            >
              Get web development help
               🌐
            </a>
          </li>
          <li>
            <a
              href="/en-US/docs/MDN/Community"
            >
              Join the MDN community
            </a>
          </li>
          <li>
            <a
              href="https://github.com/mdn/sprints/issues/new?template=issue-template.md&projects=mdn/sprints/2&labels=user-report&title=test"
              rel="noopener noreferrer"
              target="_blank"
            >
              Report a content problem
               🌐
            </a>
          </li>
          <li>
            <a
              href="https://bugzilla.mozilla.org/form.mdn"
              rel="noopener noreferrer"
              target="_blank"
            >
              Report a bug
               🌐
            </a>
          </li>
        </ul>
      </div>
      <div
        className="emotion-26 emotion-27"
      />
      <div
        className="emotion-8 emotion-9"
      >
        <button
          className="emotion-4 emotion-5"
          onClick={[Function]}
        >
          <svg mock
            className="emotion-28"
          />
          <span
            className="emotion-2 emotion-3"
          >
            ▼
          </span>
        </button>
        <ul
          className="dropdown-menu emotion-6 emotion-7"
        >
          <li
            lang="es"
          >
            <a
              href="[fake spanish url]"
              title="Spanish"
            >
              <bdi>
                Español
              </bdi>
            </a>
          </li>
        </ul>
      </div>
    </div>
    <div
      className="emotion-42"
    >
      <form
        action="/en-US/search"
        className="emotion-41"
        id="nav-main-search"
        method="get"
        role="search"
      >
        <svg mock
          className="emotion-39"
        />
        <input
          className="emotion-40"
          id="main-q"
          name="q"
          placeholder="Search MDN"
          type="search"
        />
      </form>
    </div>
    <div
      className="emotion-45"
    >
      <a
        className="emotion-44"
        data-service="GitHub"
        href="/users/github/login/?next=[fake absolute url]"
        rel="nofollow"
      >
        Sign in
         
        <svg mock
          className="emotion-43"
        />
      </a>
    </div>
  </div>,
  .emotion-11 {
  display: grid;
  box-sizing: border-box;
  grid-template-columns: 1fr 3fr;
  grid-template-areas: "title title" "toc toc" "side main";
}

@media (max-width:749px) {
  .emotion-11 {
    grid-template-columns: 1fr;
    grid-template-areas: "title" "main" "side";
  }
}

.emotion-1 {
  display: -webkit-box;
  display: -webkit-flex;
  display: -ms-flexbox;
  display: flex;
  -webkit-flex-direction: row;
  -ms-flex-direction: row;
  flex-direction: row;
  -webkit-align-items: center;
  -webkit-box-align: center;
  -ms-flex-align: center;
  align-items: center;
  grid-area: title;
  box-sizing: border-box;
  width: 100%;
  overflow-x: scroll;
  background-color: #f5f9fa;
}

.emotion-0 {
  font-family: x-locale-heading-primary,zillaslab,"Palatino","Palatino Linotype",x-locale-heading-secondary,serif;
  margin: 0;
  font-size: 2.8rem;
  padding: 12px 12px 12px 24px;
}

@media (max-width:749px) {
  .emotion-0 {
    font-size: 1.77rem;
    padding: 12px;
  }
}

.emotion-3 {
  display: -webkit-box;
  display: -webkit-flex;
  display: -ms-flexbox;
  display: flex;
  -webkit-flex-direction: row;
  -ms-flex-direction: row;
  flex-direction: row;
  -webkit-align-items: center;
  -webkit-box-align: center;
  -ms-flex-align: center;
  align-items: center;
  grid-area: toc;
  box-sizing: border-box;
  width: 100%;
  overflow-x: scroll;
  color: #fff;
  background-color: #222;
  padding: 8px 8px 8px 24px;
}

@media (max-width:749px) {
  .emotion-3 {
    display: none;
  }
}

.emotion-3 li {
  display: inline-block;
}

.emotion-3 a {
  color: #83d0f2;
  padding-right: 30px;
  white-space: nowrap;
  -webkit-text-decoration: none;
  text-decoration: none;
  font-size: 1rem;
}

.emotion-3 code {
  background-color: inherit;
  color: inherit;
  font-family: inherit;
  font-size: inherit;
  padding: 0;
}

.emotion-3 li ol,
.emotion-3 li ul {
  display: none;
}

.emotion-8 {
  grid-area: main;
  box-sizing: border-box;
  width: 100%;
  overflow-x: scroll;
  padding: 30px 24px 30px 12px;
}

@media (max-width:749px) {
  .emotion-8 {
    padding: 15px 12px;
  }
}

.emotion-8 p {
  max-width: 42rem;
}

.emotion-7 {
  margin-top: 32px;
  font-size: 0.88889rem;
  color: #696969;
}

.emotion-7 div {
  margin: 4px 0;
}

.emotion-5 {
  width: 14px;
  height: 14px;
  margin-right: 5px;
  vertical-align: middle;
  fill: #696969;
}

.emotion-6 {
  width: 16px;
  height: 16px;
  margin-right: 5px;
  vertical-align: middle;
  fill: #696969;
}

.emotion-10 {
  grid-area: side;
  box-sizing: border-box;
  width: 100%;
  overflow-x: scroll;
  padding: 30px 12px 30px 24px;
}

@media (max-width:749px) {
  .emotion-10 {
    padding: 15px 12px;
  }
}

<div
    className="emotion-11"
  >
    <div
      className="emotion-1 emotion-2"
    >
      <h1
        className="emotion-0"
      >
        [fake document title]
      </h1>
    </div>
    <div
      className="emotion-3 emotion-2"
      dangerouslySetInnerHTML={
        Object {
          "__html": "<ol>[fake TOC HTML]</ol>",
        }
      }
    />
    <div
      className="text-content emotion-8"
    >
      <article
        dangerouslySetInnerHTML={
          Object {
            "__html": "[fake body HTML]",
          }
        }
        id="wikiArticle"
      />
      <div
        className="emotion-7"
      >
        <div>
          <svg mock
            className="emotion-5"
          />
           
          <strong>
            Contributors to this page:
          </strong>
           
          <span>
            <a
              href="/en-US/profiles/mike"
              rel="nofollow"
            >
              mike
            </a>
          </span>
          <span>
            , 
            <a
              href="/en-US/profiles/ike"
              rel="nofollow"
            >
              ike
            </a>
          </span>
        </div>
        <div>
          <svg mock
            className="emotion-6"
          />
           
          <strong>
            Last updated by:
          </strong>
           
          ike
           
          <time
            dateTime="2019-01-02T03:04:05Z"
          >
            2019-01-02 03:04:05
          </time>
        </div>
      </div>
    </div>
    <div
      className="emotion-10"
    >
      <nav
        className="crumbs"
        role="navigation"
      >
        <ol>
          <li
            className="crumb"
          >
            <a
              href="[fake grandparent url]"
            >
              <span>
                [fake grandparent title]
              </span>
            </a>
          </li>
          <li
            className="crumb"
          >
            <a
              href="[fake parent url]"
            >
              <span>
                [fake parent title]
              </span>
            </a>
          </li>
          <li
            className="crumb"
          >
            <span>
              [fake document title]
            </span>
          </li>
        </ol>
      </nav>
      <div
        className="quick-links emotion-9"
      >
        <div
          className="quick-links-head"
        >
          Related Topics
        </div>
        <div
          dangerouslySetInnerHTML={
            Object {
              "__html": "[fake quicklinks HTML]",
            }
          }
        />
      </div>
    </div>
  </div>,
]
`;
